0 ||| Obama welcomes Netanyahu Trumpf ||| F0= -18.9522 ||| 6.18159
0 ||| Obama Trumpf ||| F0= -16.7771 ||| 3.21343
0 ||| Obama welcomes Netanyahu ||| F0= -0.72431 ||| -0.181077
0 ||| Obama welcomes ||| F0= -3.47103 ||| -1.15701
1 ||| the relationship between Obama and Netanyahu is not exactly friendly . ||| F0= -1.44457 ||| 9.63365
1 ||| the relationship between Obama and Netanyahu is not exactly amic@@ able . ||| F0= -2.1021 ||| 9.61125
1 ||| the relationship with Obama and Netanyahu is not exactly friendly . ||| F0= -8.51821 ||| -0.709851
1 ||| the relationship with Obama and Netanyahu is not exactly amic@@ able . ||| F0= -9.26852 ||| -0.712963
2 ||| the two wanted to discuss the implementation of the international treaty and of Tehran &apos;s destabili@@ zing measures in the Middle East . ||| F0= -11.3036 ||| 9.41963
2 ||| the two wanted to discuss the implementation of the international treaty and of Tehran &apos;s destabilising measures in the Middle East . ||| F0= -10.7499 ||| 9.41847
2 ||| the two wanted to discuss the implementation of the international agreement and of Tehran &apos;s destabilising measures in the Middle East . ||| F0= -5.54444 ||| -0.241063
2 ||| the two wanted to talk about the implementation of the international agreement and of Tehran &apos;s destabilising measures in the Middle East . ||| F0= -6.38887 ||| -0.266203
3 ||| however , the meeting is also about the conflict with the Palestinians and the two states discussed . ||| F0= -11.7012 ||| 9.17332
3 ||| however , the meeting is also about the conflict with the Palestinians and the two countries discussed . ||| F0= -12.5469 ||| 9.12881
3 ||| however , the meeting is also intended to resolve the conflict with the Palestinians and the two states discussed . about the conflict . ||| F0= -30.7644 ||| 8.44483
3 ||| however , the meeting is also intended to resolve the conflict with the Palestinians and the two states discussed . ||| F0= -11.7155 ||| -0.557883
4 ||| the relationship between Obama and Netanyahu has been stretched for years . ||| F0= -2.51302 ||| -0.193309
4 ||| the relationship between Obama and Netanyahu has been eagerly awaited for years . ||| F0= -3.67924 ||| -0.262803
4 ||| the relationship between Obama and Netanyahu has been looking forward for years . ||| F0= -3.78594 ||| -0.270424
4 ||| the relationship between Obama and Netanyahu has been looking forward to years . ||| F0= -3.96719 ||| -0.283371
5 ||| Washington critici@@ zes Israel &apos;s ongoing crackdown , accusing Netanyahu of a lack of will ! ||| F0= -20.9279 ||| 8.60014
5 ||| Washington critici@@ zes Israel &apos;s ongoing crackdown , accusing Netanyahu of a lack of will in the ! ||| F0= -27.7197 ||| 8.32881
5 ||| Washington critici@@ zes Israel &apos;s ongoing crackdown , accusing Netanyahu ! ||| F0= -24.6621 ||| 7.76781
5 ||| Washington critici@@ zes Israel &apos;s ongoing crackdown and ! ||| F0= -24.5952 ||| 7.39694
6 ||| the relationship between the two continued to deteriorate through Obama &apos;s deal about Iran &apos;s nuclear program . ||| F0= -11.6037 ||| -0.61072
6 ||| the relationship between the two continued to deteriorate through Obama &apos;s deal with Iran &apos;s nuclear program . ||| F0= -11.9141 ||| -0.627058
6 ||| the relationship between the two continued to deteriorate through Obama &apos;s deal to Iran &apos;s nuclear program . ||| F0= -11.9579 ||| -0.629365
6 ||| the relationship between the two continued to deteriorate through Obama &apos;s deal for Iran &apos;s nuclear program . ||| F0= -12.1275 ||| -0.638287
7 ||| in April , Netanyahu held a controversial speech at the Congressional Republicans &apos; invitation show before the U.S. Congress . ||| F0= -22.5869 ||| 18.6619
7 ||| in April , Netanyahu held a controversial show at the invitation of Republicans before the U.S. Congress . ||| F0= -22.4193 ||| 18.5267
7 ||| in April , Netanyahu held a controversial speech at the Congressional Republicans &apos; invitation . ||| F0= -14.5929 ||| 8.97651
7 ||| in March , Netanyahu held a controversial speech at the Congressional Republicans &apos; invitation . ||| F0= -5.94075 ||| -0.371297
8 ||| the speech was not agreed with Obama , a meeting had been rejected , with reference to the election in Israel that was chicken at the time . ||| F0= -31.1594 ||| 8.68734
8 ||| the speech was not agreed with Obama , a meeting had been rejected , with reference to the chicken that was imminent . ||| F0= -28.4084 ||| 8.52849
8 ||| the speech was not agreed with Obama , a meeting had been rejected , with reference to the forthcoming election in Israel . ||| F0= -11.6751 ||| -0.486463
8 ||| the speech was not agreed with Obama , a meeting had been rejected , with reference to the election in Israel that was imminent . ||| F0= -14.7121 ||| -0.565848
9 ||| in an emergency call , teacher admits to having shot dead with his girlfriend ||| F0= -15.849 ||| 8.82056
9 ||| in an emergency call , teacher admits to having shot his girlfriend ||| F0= -15.4446 ||| 8.67022
9 ||| in an emergency call , Professor admits to having his girlfriend shot ||| F0= -4.61217 ||| -0.354782
9 ||| in an emergency call , Professor admits to have shot dead his girlfriend ||| F0= -5.15151 ||| -0.367965
