-112.025002
-202.339981
-99.826500
-232.753708
-643.735596
-151.965912
-383.419220
-60.465172
-89.117729
-105.327499
