237.24304199
258.95599365
244.84423828
237.89193726
223.12332153
201.88925171
230.43579102
200.95161438
210.63932800
197.50350952
