[valid] Ep. 1 : Up. 40 : cross-entropy : 240.203 : new best
[valid] Ep. 1 : Up. 80 : cross-entropy : 240.194 : new best
[valid] Ep. 2 : Up. 81 : cross-entropy : 240.194 : new best
