-111.429642
-202.879257
-99.488770
-232.767487
-648.426636
-151.236145
-385.781769
-60.357460
-89.177971
-104.630791
