473.66
495.60
504.09
498.92
494.94
475.42
518.79
495.73
467.42
523.65
