226.78591919
250.75085449
244.08219910
247.50813293
242.10983276
238.86938477
236.07412720
231.18310547
237.87866211
241.81286621
