[[  4.07685380e-04   3.94034665e-04   5.00894530e-05 ...,   0.00000000e+00
    0.00000000e+00   0.00000000e+00]]
