[[  5.10732070e-06   4.67832115e-06   2.71009117e-06 ...,   0.00000000e+00
    0.00000000e+00   0.00000000e+00]]
