[[  6.32751617e-05  -6.52741073e-05  -4.17807678e-05 ...,   0.00000000e+00
    0.00000000e+00   0.00000000e+00]]
