Ep. 1 : Up. 4 : Sen. 32 : Cost 183.98
Ep. 1 : Up. 5 : Sen. 40 : Cost 207.76
Ep. 1 : Up. 6 : Sen. 48 : Cost 164.58
