Ep. 1 : Up. 1 : Sen. 8 : Cost 279.36
Ep. 1 : Up. 2 : Sen. 16 : Cost 244.33
Ep. 1 : Up. 3 : Sen. 24 : Cost 190.35
