[[  9.30291080e-08   1.14721395e-07   1.63331570e-08 ...,   0.00000000e+00
    0.00000000e+00   0.00000000e+00]]
