Saving model to valid_stalled/model.npz.dev.npz
Saving model to valid_stalled/model.npz.best-valid-script.npz
[valid] 20 : valid-script : 222.3 : new best
Saving model to valid_stalled/model.npz.best-translation.npz
[valid] 20 : translation : 333.5 : new best
Saving model to valid_stalled/model.npz.dev.npz
[valid] 40 : valid-script : 222.2 : stalled 1 times
[valid] 40 : translation : 333.4 : stalled 1 times
Saving model to valid_stalled/model.npz.dev.npz
[valid] 60 : valid-script : 222.1 : stalled 2 times
[valid] 60 : translation : 333.3 : stalled 2 times
Saving model to valid_stalled/model.npz.dev.npz
Saving model to valid_stalled/model.npz.best-valid-script.npz
[valid] 80 : valid-script : 222.6 : new best
[valid] 80 : translation : 333.2 : stalled 3 times
Saving model to valid_stalled/model.npz.dev.npz
[valid] 100 : valid-script : 222.5 : stalled 1 times
[valid] 100 : translation : 333.1 : stalled 4 times
Saving model to valid_stalled/model.npz.dev.npz
[valid] 120 : valid-script : 222.4 : stalled 2 times
Saving model to valid_stalled/model.npz.best-translation.npz
[valid] 120 : translation : 333.9 : new best
Saving model to valid_stalled/model.npz.dev.npz
[valid] 140 : valid-script : 222.3 : stalled 3 times
[valid] 140 : translation : 333.8 : stalled 1 times
Saving model to valid_stalled/model.npz.dev.npz
[valid] 160 : valid-script : 222.2 : stalled 4 times
[valid] 160 : translation : 333.7 : stalled 2 times
Saving model to valid_stalled/model.npz.dev.npz
[valid] 180 : valid-script : 222.1 : stalled 5 times
[valid] 180 : translation : 333.6 : stalled 3 times
Saving model to valid_stalled/model.npz.dev.npz
[valid] 200 : valid-script : 222.6 : stalled 6 times
[valid] 200 : translation : 333.5 : stalled 4 times
Saving model to valid_stalled/model.npz
