229.20
189.84
199.99
187.61
217.45
236.18
231.74
243.17
259.36
273.32
