Epoch: 10 Cost: 1.05125
Epoch: 20 Cost: 0.969515
Epoch: 30 Cost: 0.851254
Epoch: 40 Cost: 0.728201
Epoch: 50 Cost: 0.631871
Epoch: 60 Cost: 0.567715
Epoch: 70 Cost: 0.524746
Epoch: 80 Cost: 0.491099
Epoch: 90 Cost: 0.460445
Epoch: 100 Cost: 0.429301
Epoch: 110 Cost: 0.395243
Epoch: 120 Cost: 0.358358
Epoch: 130 Cost: 0.320273
Epoch: 140 Cost: 0.283367
Epoch: 150 Cost: 0.249586
Epoch: 160 Cost: 0.219812
Epoch: 170 Cost: 0.194238
Epoch: 180 Cost: 0.172638
Epoch: 190 Cost: 0.154562
Epoch: 200 Cost: 0.139475
Accuracy: 0.966667
