4821.81445312
4719.13183594
4560.23730469
4477.03955078
4256.47412109
4028.59985352
3604.12255859
3104.76782227
