Ep. 1 : Up. 4 : Sen. 256 : Cost 239.62933350
Ep. 1 : Up. 8 : Sen. 512 : Cost 244.21398926
Ep. 1 : Up. 12 : Sen. 768 : Cost 245.80915833
Ep. 1 : Up. 16 : Sen. 1,024 : Cost 229.95028687
Ep. 1 : Up. 20 : Sen. 1,280 : Cost 246.03900146
Ep. 1 : Up. 24 : Sen. 1,536 : Cost 240.84149170
Ep. 1 : Up. 28 : Sen. 1,792 : Cost 242.79739380
Ep. 1 : Up. 32 : Sen. 128 : Cost 247.87004089
Ep. 1 : Up. 36 : Sen. 384 : Cost 257.29699707
Ep. 1 : Up. 40 : Sen. 640 : Cost 246.70552063
Ep. 1 : Up. 44 : Sen. 896 : Cost 253.54859924
Ep. 2 : Up. 48 : Sen. 128 : Cost 239.12199402
Ep. 2 : Up. 52 : Sen. 384 : Cost 249.22465515
Ep. 2 : Up. 56 : Sen. 640 : Cost 254.63235474
Ep. 2 : Up. 60 : Sen. 896 : Cost 253.52185059
