475.38677979
452.63513184
431.22705078
414.68640137
401.01882935
