490.08529663
466.06594849
442.54638672
426.43572998
411.96545410
