Ep. 1 : Up. 20 : Sen. 80 : Cost 188.28628540
Ep. 1 : Up. 40 : Sen. 160 : Cost 158.74415588
Ep. 1 : Up. 60 : Sen. 240 : Cost 186.73446655
Ep. 1 : Up. 80 : Sen. 320 : Cost 187.43354797
Ep. 1 : Up. 100 : Sen. 400 : Cost 191.98048401
Ep. 1 : Up. 120 : Sen. 480 : Cost 197.26301575
Ep. 1 : Up. 140 : Sen. 560 : Cost 188.48814392
Ep. 1 : Up. 160 : Sen. 640 : Cost 138.19192505
Ep. 1 : Up. 180 : Sen. 720 : Cost 178.13829041
Ep. 1 : Up. 200 : Sen. 800 : Cost 172.75942993
