Ep. 1 : Up. 1 : Sen. 1 : Cost 1.26
Ep. 2 : Up. 2 : Sen. 1 : Cost 0.01
Ep. 1 : Up. 1 : Sen. 1 : Cost 22.19
Ep. 2 : Up. 2 : Sen. 1 : Cost 2.75
Ep. 1 : Up. 1 : Sen. 1 : Cost 6.56
Ep. 2 : Up. 2 : Sen. 1 : Cost 0.29
Ep. 1 : Up. 1 : Sen. 1 : Cost 77.35
Ep. 2 : Up. 2 : Sen. 1 : Cost 52.49
Ep. 1 : Up. 1 : Sen. 1 : Cost 47.07
Ep. 2 : Up. 2 : Sen. 1 : Cost 15.31
Ep. 1 : Up. 1 : Sen. 1 : Cost 4.52
Ep. 2 : Up. 2 : Sen. 1 : Cost 0.11
Ep. 1 : Up. 1 : Sen. 1 : Cost 24.44
Ep. 2 : Up. 2 : Sen. 1 : Cost 2.20
Ep. 1 : Up. 1 : Sen. 1 : Cost 7.48
Ep. 2 : Up. 2 : Sen. 1 : Cost 0.13
Ep. 1 : Up. 1 : Sen. 1 : Cost 38.95
Ep. 2 : Up. 2 : Sen. 1 : Cost 8.38
Ep. 1 : Up. 1 : Sen. 1 : Cost 13.98
Ep. 2 : Up. 2 : Sen. 1 : Cost 0.36
Ep. 1 : Up. 1 : Sen. 1 : Cost 28.06
Ep. 2 : Up. 2 : Sen. 1 : Cost 6.56
