Ep. 1 : Up. 20 : Sen. 1280 : Cost 408.93
Ep. 1 : Up. 40 : Sen. 2560 : Cost 256.44
Ep. 1 : Up. 60 : Sen. 3840 : Cost 173.64
Ep. 1 : Up. 80 : Sen. 5120 : Cost 118.18
Ep. 1 : Up. 100 : Sen. 6400 : Cost 64.24
Ep. 1 : Up. 120 : Sen. 7680 : Cost 179.19
Ep. 1 : Up. 140 : Sen. 8960 : Cost 190.98
Ep. 1 : Up. 160 : Sen. 10240 : Cost 167.34
Ep. 1 : Up. 180 : Sen. 11520 : Cost 167.91
Ep. 1 : Up. 200 : Sen. 12800 : Cost 156.16
Ep. 1 : Up. 220 : Sen. 14080 : Cost 189.85
Ep. 1 : Up. 240 : Sen. 15360 : Cost 175.92
Ep. 1 : Up. 260 : Sen. 16640 : Cost 167.99
Ep. 1 : Up. 280 : Sen. 17920 : Cost 164.80
Ep. 1 : Up. 300 : Sen. 19200 : Cost 186.69
Ep. 1 : Up. 320 : Sen. 20480 : Cost 166.41
Ep. 1 : Up. 340 : Sen. 21760 : Cost 168.86
Ep. 1 : Up. 360 : Sen. 23040 : Cost 177.95
Ep. 1 : Up. 380 : Sen. 24320 : Cost 203.43
Ep. 1 : Up. 400 : Sen. 25600 : Cost 165.09
