236.82699585
197.64729309
199.82775879
184.65493774
