861.55938721
727.98687744
630.16650391
553.84191895
469.53985596
387.43038940
299.73706055
257.13076782
828.24053955
706.25305176
615.00897217
536.81494141
454.13830566
369.39624023
274.19537354
