Ep. 1 : Up. 5 : Sen. 320 : Cost 855.91491699
Ep. 1 : Up. 10 : Sen. 640 : Cost 704.62048340
Ep. 1 : Up. 15 : Sen. 960 : Cost 603.96533203
Ep. 1 : Up. 20 : Sen. 1,280 : Cost 518.18493652
Ep. 1 : Up. 25 : Sen. 1,600 : Cost 442.29742432
Ep. 1 : Up. 30 : Sen. 1,920 : Cost 367.12915039
Ep. 1 : Up. 35 : Sen. 2,240 : Cost 301.38732910
Ep. 1 : Up. 40 : Sen. 2,560 : Cost 229.98681641
Ep. 2 : Up. 45 : Sen. 64 : Cost 340.48742676
Ep. 2 : Up. 50 : Sen. 384 : Cost 818.48626709
Ep. 2 : Up. 55 : Sen. 704 : Cost 681.45458984
Ep. 2 : Up. 60 : Sen. 1,024 : Cost 586.93054199
Ep. 2 : Up. 65 : Sen. 1,344 : Cost 500.92144775
Ep. 2 : Up. 70 : Sen. 1,664 : Cost 427.21176147
Ep. 2 : Up. 75 : Sen. 1,984 : Cost 354.24258423
Ep. 2 : Up. 80 : Sen. 2,304 : Cost 287.52239990
Ep. 2 : Up. 85 : Sen. 2,624 : Cost 212.79341125
