493.10702515
355.26889038
272.68411255
199.14933777
131.11528015
386.00247192
388.27536011
296.74649048
220.32846069
151.99040222
