6916.29
5106.83
3438.09
2349.86
1473.54
3595.42
3671.98
2831.25
2118.49
1484.09
