208.03
179.47
212.83
237.49
186.96
234.88
209.33
215.29
180.76
198.65
146.06
263.98
213.56
128.12
119.03
131.72
174.51
141.27
178.35
99.92
124.80
139.98
211.95
243.47
168.08
101.91
115.40
175.46
128.13
138.20
123.40
213.24
148.44
198.29
135.94
173.55
181.04
187.22
129.47
126.52
162.25
95.56
133.94
206.48
