[valid] 60 : cross-entropy : 161.56 : new best
[valid] 120 : cross-entropy : 149.974 : new best
[valid] 150 : cross-entropy : 148.977 : new best
