225.25198364
244.07009888
230.06900024
224.89492798
213.12133789
204.42272949
198.22579956
190.56004333
194.42613220
196.06826782
