225.78381348
242.81021118
232.08601379
225.82080078
213.45498657
203.58772278
197.15603638
189.70219421
193.72326660
195.46972656
