212.45605469
289.01965332
255.60789490
231.74517822
277.03713989
