266.17364502
272.09991455
258.59213257
242.22854614
245.76492310
250.07225037
231.29319763
237.89175415
223.80023193
222.42335510
226.13597107
213.71946716
213.41311646
216.42651367
214.63465881
200.07705688
200.67541504
212.30265808
206.34919739
199.96444702
200.64167786
197.81892395
197.48988342
195.52680969
192.76986694
