Norveç &apos; in rak@@ ı : bu dünyanın had@@ siz bal@@ ığı mı ? ||| 0-0 1-2 2-1 3-2 4-3 5-5 6-7 7-9 8-11 9-12 10-13 11-13 12-6 13-6
Norveç &quot; in beş milyon insanı sadece Avrupa &apos; da değil , dünyada en yüksek yaşam standart@@ larından birine sahip . ||| 0-0 1-1 2-1 3-2 4-3 5-4 6-15 7-17 8-18 9-16 10-14 11-22 12-22 13-12 14-9 15-12 16-10 17-7 18-6 19-5 20-5
ülkenin başarısının sır@@ rı , son derece had@@ siz balık@@ ların yerel iş@@ tah@@ ına bağlan@@ abilir mi ? ||| 0-5 1-7 2-2 3-1 4-18 5-18 6-18 7-21 8-22 9-23 10-16 11-12 12-13 13-14 14-11 15-9 16-0 17-0 18-25
üstüne üst@@ lü ne@@ m@@ lendiri@@ ciler seç@@ in . ||| 0-4 1-6 2-6 3-8 4-9 5-9 6-10 7-2 8-1 9-11
onları bir p@@ il kirli , v@@ ah@@ şi bir futbol k@@ uyru@@ ğ@@ unun ortasında yerleştir@@ in . ||| 0-1 1-8 2-8 3-9 4-11 5-12 6-13 7-14 8-14 9-15 10-15 11-16 12-17 13-6 14-6 15-4 16-0 17-0 18-18
bir hafta ara ver@@ in . ||| 0-0 1-3 2-1 3-0 4-5 5-0
şimdi büyük Norveç De@@ lik@@ lerinden biri olan rak@@ i@@ bin n@@ ab@@ z@@ ı num@@ un@@ e kok@@ usu var . ||| 0-0 1-20 2-21 3-22 4-23 5-24 6-17 7-16 8-13 9-14 10-14 11-4 12-5 13-6 14-7 15-7 16-8 17-8 18-9 19-11 20-2 21-1
Oslo &apos; ya yaklaşık üç saat mesafedeki küçük F@@ ag@@ er@@ nes kasab@@ as@@ ınday@@ ım . ||| 0-16 1-15 2-15 3-13 4-13 5-14 6-4 7-4 8-7 9-8 10-9 11-10 12-5 13-2 14-1 15-0 16-18
kar var , görülmeye değer manzar@@ alar var ve o od@@ alar , her zaman var , havada as@@ ılı . ||| 0-2 1-1 2-4 3-4 4-4 5-5 6-6 7-8 8-9 9-14 10-11 11-12 12-14 13-14 14-14 15-15 16-16 17-21 18-17 19-18 20-17
Rak@@ fis@@ le al@@ ak@@ alı , tu@@ z ve ber@@ ek@@ etli su@@ da -@@ balık@@ ların@@ ızı ne kadar kal@@ ça sev@@ diğ@@ in@@ ize bağlı olarak - bir yıla kadar kayn@@ atın . ||| 0-0 1-1 2-2 3-4 4-4 5-5 6-4 7-27 8-11 9-12 10-13 11-14 12-10 13-16 14-15 15-18 16-27 17-26 18-26 19-25 20-22 21-22 22-23 23-25 24-24 25-24 26-20 27-19 28-19 29-31 30-31 31-32 32-29 33-4 34-3 35-4
karanlık set@@ ler ve hav@@ alar soğuk olduğu için , Nor@@ ve@@ ç@@ liler burada F@@ ag@@ er@@ nes &apos; de bu en çok , iyi , tut@@ kul@@ u gı@@ d@@ alara adanmış bir festivale akın ediyor . ||| 0-2 1-3 2-4 3-4 4-7 5-7 6-9 7-8 8-0 9-11 10-11 11-12 12-13 13-13 14-18 15-20 16-21 17-22 18-23 19-19 20-19 21-35 22-27 23-28 24-28 25-29 26-30 27-31 28-32 29-33 30-35 31-34 32-25 33-24 34-17 35-17 36-14 37-14 38-37
tam zamanlı yerel itfaiy@@ eci olan fakat aynı zamanda festivalin işle@@ mesinden sorumlu &quot; Rak@@ fis@@ li General &quot; olan Hav@@ ard Hal@@ var@@ sen , &quot; B@@ ana ham@@ si y@@ iyorsunuz , sonra da bir kade@@ h su iç@@ iyorsunuz &quot; . diyor . ||| 0-25 1-27 2-28 3-29 4-30 5-31 6-31 7-49 8-32 9-49 10-47 11-46 12-45 13-37 14-38 15-39 16-40 17-41 18-42 19-19 20-19 21-20 22-21 23-22 24-23 25-18 26-0 27-3 28-3 29-4 30-5 31-2 32-1 33-6 34-7 35-11 36-11 37-11 38-12 39-13 40-8 41-1 42-17 43-18 44-18 45-19
etraf@@ ımız@@ daki tüm insanlar bal@@ ığın az k@@ ub@@ b@@ esini yiy@@ ip miktarlarda içecek ç@@ alıyor . ||| 0-1 1-1 2-0 3-0 4-3 5-13 6-12 7-7 8-8 9-9 10-10 11-6 12-5 13-4 14-18 15-20 16-15 17-4 18-21
Hav@@ ard , &quot; Bazı insanlar su@@ sam@@ ı rak@@ i@@ be göre daha fazla istiyor &quot; . diyor . ||| 0-17 1-18 2-16 3-0 4-1 5-2 6-5 7-6 8-6 9-11 10-12 11-12 12-8 13-8 14-8 15-3 16-15 17-16 18-16 19-17
içecek kok@@ usunu öl@@ dü@@ rebilir . ||| 0-1 1-5 2-7 3-3 4-2 5-2 6-8
birkaç parça den@@ iyorum . ||| 0-3 1-4 2-1 3-1 4-5
eğer diş@@ in@@ izin altında geçir@@ mekten kaçın@@ abilir@@ seniz kötü değil - çok uzun bir otobüs yolculuğ@@ unda olan bir sus@@ uz@@ luğun aksine değil . ||| 0-5 1-8 2-7 3-6 4-6 5-4 6-3 7-3 8-2 9-1 10-14 11-13 12-15 13-28 14-30 15-31 16-31 17-32 18-27 19-26 20-22 21-22 22-23 23-21 24-17 25-16 26-15
Rak@@ fis@@ k , Norveç &apos; te buz@@ do@@ la@@ b@@ ı öncesi , bal@@ ığın sonbaharda hav@@ alı var@@ il@@ lerde ve t@@ uz@@ da so@@ tele@@ diği çok farklı , yoksulluk dolu dönem@@ lerin ürünü . ||| 0-0 1-1 2-2 3-16 4-16 5-15 6-15 7-39 8-22 9-23 10-23 11-19 12-19 13-26 14-39 15-27 16-39 17-31 18-32 19-33 20-33 21-33 22-28 23-37 24-37 25-30 26-28 27-29 28-17 29-7 30-8 31-9 32-10 33-11 34-14 35-6 36-5 37-3
sonra kış@@ ın derin@@ lik@@ lerinde , iyi ve gerçekten fer@@ ah@@ la@@ tır , dışarı atıl@@ ır ve - alkol@@ ün ç@@ aldığı sen@@ sör@@ lerden şüphe yok - yen@@ ir . ||| 0-0 1-6 2-5 3-3 4-2 5-1 6-8 7-8 8-9 9-10 10-11 11-12 12-12 13-13 14-13 15-16 16-16 17-15 18-18 19-19 20-30 21-29 22-26 23-27 24-24 25-25 26-23 27-21 28-20 29-31 30-32 31-33 32-34
yalnızca bir nesil önce binlerce Nor@@ ve@@ ç@@ çi , daha çok ABD &apos; ye göç ederek iş arayış@@ ıyla ülkelerini terk etmek zorunda kalmıştı . ||| 0-0 1-1 2-2 3-3 4-5 5-7 6-8 7-9 8-9 9-19 10-19 11-23 12-26 13-24 14-25 15-21 16-20 17-19 18-17 19-16 20-15 21-13 22-12 23-11 24-10 25-28
artık nüfus hızlı bir şekilde büyüyor - % 13 &apos; ten fazlası göçmenler , bol iş , yüksek ücretler ve kapsamlı bir bakım sistemi . ||| 0-0 1-2 2-5 3-4 4-4 5-4 6-6 7-10 8-9 9-8 10-8 11-7 12-12 13-13 14-16 15-19 16-20 17-21 18-22 19-23 20-25 21-26 22-26 23-27 24-14
eski rakibi olan ve bu kadar uzun süre önce Norveç &apos; ten çok daha zengin olmayan İsveç &apos; ten gelen insanlar çalışmaya devam ediyorlar . ||| 0-5 1-6 2-2 3-2 4-9 5-9 6-10 7-11 8-11 9-16 10-15 11-15 12-12 13-13 14-13 15-8 16-2 17-1 18-1 19-0 20-0 21-21 22-18 23-18 24-23
Rak@@ iti@@ k , Norveç &quot; in geçmiş@@ inin önemli , hayati ve çok had@@ siz bir parçası olarak görülüyor . ||| 0-0 1-1 2-2 3-20 4-20 5-22 6-21 7-22 8-19 9-10 10-11 11-13 12-14 13-16 14-16 15-17 16-18 17-18 18-6 19-6 20-5
satın alabil@@ eceğ@@ iniz daha pahalı yemekler arasında . ||| 0-9 1-8 2-7 3-7 4-4 5-5 6-6 7-2 8-1
ama sonra her şey pahalı - küçük bir kade@@ h bira veya bir sand@@ viç sizi her biri 9 ster@@ line ( 14 dolar ) geri ç@@ alıyor . ||| 0-0 1-1 2-2 3-2 4-4 5-5 6-7 7-8 8-10 9-10 10-10 11-11 12-13 13-13 14-14 15-18 16-26 17-26 18-21 19-22 20-20 21-22 22-24 23-23 24-25 25-19 26-16 27-16 28-18
Norveç , çoğu zaman küresel haber gündemine otur@@ muyor ve çoğu da böyle görünüyor . ||| 0-0 1-9 2-9 3-3 4-9 5-10 6-11 7-6 8-2 9-12 10-14 11-18 12-18 13-17 14-15
buradaki insanlar , geçen yıl 77 erkek , kadın ve çocuğu öldür@@ üp öl@@ dü@@ ren sağ ve ırkçı aşırılık yanlısı Anders Bre@@ i@@ vik &apos; in adını söyle@@ meye hala devam ediyor . ||| 0-1 1-0 2-3 3-34 4-35 5-28 6-29 7-30 8-31 9-32 10-33 11-24 12-26 13-27 14-23 15-23 16-16 17-19 18-20 19-22 20-15 21-10 22-11 23-12 24-13 25-9 26-9 27-9 28-7 29-6 30-3 31-4 32-2 33-37
bunun yerine , çatışmada &quot; 22 Temmuz olayı &quot; olarak an@@ ılıyor . ||| 0-0 1-0 2-3 3-3 4-9 5-13 6-11 7-14 8-15 9-8 10-6 11-5 12-16
Nor@@ ve@@ ç@@ liler , barış@@ sever bir ülkede bu tür z@@ alim@@ lere ve cinay@@ ete sahip çık@@ abil@@ eceklerine inan@@ mayı çok zor buluyor . ||| 0-0 1-0 2-2 3-2 4-12 5-12 6-13 7-16 8-16 9-20 10-24 11-25 12-26 13-27 14-28 15-29 16-23 17-22 18-9 19-9 20-9 21-8 22-7 23-5 24-6 25-3 26-31
dünyanın en büyük petrol ve doğalgaz sektör@@ lerinden birinin 1970 &apos; lerin başından bu yana elde ettiği büyüme , Norveç &apos; in günümüz zengin@@ liğinin çok gerisinde yer alıyor . ||| 0-10 1-12 2-12 3-13 4-14 5-15 6-16 7-8 8-7 9-5 10-4 11-4 12-4 13-2 14-2 15-1 16-1 17-1 18-21 19-21 20-22 21-22 22-23 23-26 24-20 25-19 26-18 27-17 28-17 29-28
&quot; fakat bu kadar iyi yap@@ mam@@ ızın tek nedeni petrol değil &quot; , diyen Anna &apos; nın gar@@ son , olgun@@ laşmış rak@@ i@@ bin kap@@ ak@@ larını teslim ediyor ve uzun boy@@ lu saç@@ ları ve start@@ up mavi göz@@ leriyle Kuzey Avrupa &apos; nın imaj@@ ına ışık tutuyor . ||| 0-16 1-1 2-11 3-11 4-12 5-10 6-8 7-8 8-6 9-7 10-2 11-3 12-14 13-15 14-16 15-16 16-17 17-17 18-18 19-19 20-21 21-27 22-28 23-29 24-30 25-30 26-24 27-24 28-25 29-22 30-32 31-32 32-36 33-37 34-38 35-40 36-41 37-42 38-43 39-44 40-46 41-47 42-48 43-52 44-53 45-53 46-51 47-50 48-49 49-22 50-57 51-57
biz bir - nasıl söyl@@ üy@@ orsunuz - tedbir@@ li insanlar . ||| 0-2 1-2 2-3 3-4 4-6 5-5 6-5 7-8 8-8 9-9 10-10 11-11
İngilizce , buradaki insanların çoğu gibi kusur@@ suz . ||| 0-0 1-2 2-8 3-6 4-6 5-3 6-11 7-12 8-10
çok göster@@ me@@ lik değiliz , os@@ ten@@ yon sev@@ miyoruz . ||| 0-3 1-4 2-4 3-2 4-2 5-6 6-11 7-12 8-13 9-10 10-9 11-14
Norveç , petrol zengin@@ liğini çok dikkatli bir şekilde ele aldı . - sanay@@ iden elde edilen par@@ aların küçük bir kısmı gelecek nesil@@ lerin yararına özel bir fon@@ a yatır@@ ılıyor . ||| 0-0 1-4 2-4 3-5 4-3 5-6 6-7 7-2 8-2 9-2 10-8 11-8 12-18 13-18 14-17 15-15 16-14 17-15 18-14 19-9 20-13 21-13 22-29 23-30 24-28 25-27 26-23 27-24 28-24 29-21 30-20 31-19 32-32
herkes sahip olmadığı paranın etraf@@ ını at@@ arken , küresel mali kaz@@ aya giden yıllarda Norveç ar@@ alık kal@@ elerini sıkı bir şekilde bağlı tut@@ uyordu . ||| 0-2 1-10 2-9 3-6 4-5 5-4 6-4 7-3 8-19 9-19 10-20 11-21 12-17 13-15 14-14 15-23 16-26 17-27 18-28 19-29 20-30 21-32 22-32 23-32 24-24 25-24 26-34
Anna , &quot; kış@@ ın kayak yapabil@@ diğimiz ve yaz aylarında h@@ alı çek@@ tiğimiz sürece mut@@ luyuz &quot; . diyor . ||| 0-21 1-22 2-0 3-8 4-7 5-6 6-5 7-4 8-9 9-14 10-13 11-11 12-12 13-10 14-5 15-2 16-17 17-16 18-18 19-20 20-20 21-21
&quot; ve rak@@ ı yiy@@ in &quot; . diyor . ||| 0-12 1-3 2-3 3-4 4-2 5-1 6-6 7-12 8-9 9-12
kar@@ ın içinde dur@@ uyorum ve yiy@@ eceği bir şey için k@@ uyru@@ ğa gir@@ dim . - yeterli rak@@ i@@ be sahip ol@@ dum . ||| 0-4 1-3 2-2 3-1 4-0 5-11 6-11 7-10 8-9 9-9 10-8 11-6 12-6 13-7 14-12 15-0 16-12 17-12 18-16 19-17 20-18 21-18 22-15 23-14 24-13 25-20
artık bir el@@ ma bur@@ c@@ unda kesinlikle farklı bir şey ve t@@ adı daha çok suc@@ lan@@ ır . ||| 0-0 1-2 2-2 3-3 4-4 5-5 6-20 7-7 8-9 9-10 10-8 11-10 12-17 13-18 14-15 15-11 16-12 17-13 18-6 19-19
ama akşam saatlerinde bu had@@ siz balık@@ tan daha fazlası . ||| 0-0 1-3 2-1 3-9 4-10 5-11 6-12 7-8 8-7 9-7 10-6
kal@@ dığım otel , konuk@@ ların en iyi - veya belki de en nas@@ ıl@@ - bal@@ ığa oy verdiği bir rak@@ i@@ bin yeme@@ ğine ev sahipliği yapan mekan@@ lardan biri . ||| 0-4 1-3 2-1 3-20 4-20 5-20 6-24 7-24 8-25 9-26 10-27 11-29 12-29 13-30 14-31 15-33 16-34 17-35 18-21 19-19 20-15 21-15 22-16 23-16 24-18 25-14 26-13 27-13 28-13 29-12 30-11 31-7 32-6
rak@@ i@@ bin plak@@ alarıyla çevr@@ ili bo@@ w bağ@@ ında bir der@@ eye kadar canlı bir televizyon bağlantısı var . ||| 0-20 1-21 2-21 3-18 4-17 5-16 6-16 7-13 8-14 9-15 10-11 11-9 12-9 13-10 14-6 15-3 16-4 17-4 18-5 19-1 20-24
Eurovision şarkı yarışması gibi . ||| 0-4 1-5 2-6 3-2 4-1
&quot; dağ@@ larda Th@@ or @-@ Ju@@ er@@ gen &apos; de en iyi balık için ne puan al@@ dınız ? &quot; ||| 0-15 1-15 2-13 3-15 4-16 5-17 6-18 7-19 8-20 9-14 10-12 11-10 12-8 13-9 14-6 15-1 16-2 17-5 18-4 19-21 20-22
burada bizim nokt@@ alar@@ ımız Hav@@ ard &quot; dedi . ||| 0-0 1-4 2-4 3-3 4-3 5-6 6-7 7-8 8-10 9-10
bul@@ an@@ tı , gül@@ me var . ||| 0-2 1-3 2-1 3-4 4-5 5-6 6-1 7-7
bir adam sandaly@@ esine düş@@ er , belki su@@ yla aş@@ ar . ||| 0-5 1-1 2-5 3-4 4-2 5-6 6-7 7-7 8-10 9-11 10-8 11-8 12-13
ya da belki o balık@@ lardan gelen fu@@ arlar . ||| 0-0 1-1 2-1 3-8 4-10 5-11 6-5 7-5 8-6 9-3
Meksika &apos; dan En@@ ri@@ que P@@ ena Ni@@ e@@ to &apos; ya zor başlangıç ||| 0-0 1-2 2-1 3-2 4-3 5-4 6-5 7-6 8-7 9-8 10-9 11-11 12-13 13-11 14-12
