[[  2.13038606e-06   2.62594858e-05   9.69232133e-06 ...,   0.00000000e+00
    0.00000000e+00   0.00000000e+00]]
