238.75
245.75
240.41
233.51
239.67
254.63
256.65
244.04
245.92
236.57
