238.70394897
245.51347351
239.71450806
231.26594543
231.99667358
237.87966919
234.03823853
217.62667847
215.01562500
205.33581543
