[[ 0.00075354  0.00025602 -0.00038422 ...  0.          0.
   0.        ]]
